####### test 1
$python td-client-test.py -d shan_test_db -t movie_rating -l 10 -e presto -f csv

select * from movie_rating where TD_TIME_RANGE(time, NULL, NULL)

['(500) Days of Summer', 'Comedy', '87', '81', '8', '2009', '1518740864']
['10,000 B.C.', 'Adventure', '9', '44', '105', '2008', '1518740864']
['12 Rounds', 'Action', '30', '52', '20', '2009', '1518740864']
['127 Hours', 'Adventure', '93', '84', '18', '2010', '1518740864']
['17 Again', 'Comedy', '55', '70', '20', '2009', '1518740864']
['2012', 'Action', '39', '63', '200', '2009', '1518740864']
['27 Dresses', 'Comedy', '40', '71', '30', '2008', '1518740864']
['30 Days of Night', 'Horror', '50', '57', '32', '2007', '1518740864']
['30 Minutes or Less', 'Comedy', '43', '48', '28', '2011', '1518740864']
['50/50', 'Comedy', '93', '93', '8', '2011', '1518740864']

######## test 2
$ python td-client-test.py -d shan_test_db -t movie_rating -c film,genre -l 10 -e presto
select film,genre from movie_rating where TD_TIME_RANGE(time, NULL, NULL)

+-----------------------+-----------+
|          film         |   genre   |
+-----------------------+-----------+
| (500) Days of Summer  |   Comedy  |
|      10,000 B.C.      | Adventure |
|       12 Rounds       |   Action  |
|       127 Hours       | Adventure |
|       17 Again        |   Comedy  |
|          2012         |   Action  |
|       27 Dresses      |   Comedy  |
|    30 Days of Night   |   Horror  |
|   30 Minutes or Less  |   Comedy  |
|         50/50         |   Comedy  |
+-----------------------+-----------+

######## test 3
$ python td-client-test.py -d shan_test_db -t movie_rating -c film,genre -l 10 -m 2011 -M 2022
select film,genre from movie_rating where TD_TIME_RANGE(time, 2011, 2022)

+------+-------+
| film | genre |
+------+-------+
+------+-------+
The query returns 0 row

######## test 4
$ python td-client-test.py -d shan_test_db -t movie_rating -l 3
select * from movie_rating where TD_TIME_RANGE(time, NULL, NULL)

+-----------------------+-----------+---------+---------+---------+---------+------------+
|        Field 1        |  Field 2  | Field 3 | Field 4 | Field 5 | Field 6 |  Field 7   |
+-----------------------+-----------+---------+---------+---------+---------+------------+
| (500) Days of Summer  |   Comedy  |    87   |    81   |    8    |   2009  | 1518740864 |
|      10,000 B.C.      | Adventure |    9    |    44   |   105   |   2008  | 1518740864 |
|       12 Rounds       |   Action  |    30   |    52   |    20   |   2009  | 1518740864 |
+-----------------------+-----------+---------+---------+---------+---------+------------+

######## test 5
$ python td-client-test.py -d shan_test_db -t movie_rating -c film,genre,year_of_release -l 10 -m 540966830 -M 1519274072
select film,genre,year_of_release from movie_rating where TD_TIME_RANGE(time, 540966830, 1519274072)

+-----------------------+-----------+-----------------+
|          film         |   genre   | year_of_release |
+-----------------------+-----------+-----------------+
| (500) Days of Summer  |   Comedy  |       2009      |
|      10,000 B.C.      | Adventure |       2008      |
|       12 Rounds       |   Action  |       2009      |
|       127 Hours       | Adventure |       2010      |
|       17 Again        |   Comedy  |       2009      |
|          2012         |   Action  |       2009      |
|       27 Dresses      |   Comedy  |       2008      |
|    30 Days of Night   |   Horror  |       2007      |
|   30 Minutes or Less  |   Comedy  |       2011      |
|         50/50         |   Comedy  |       2011      |
+-----------------------+-----------+-----------------+

######## test 6
$ python td-client-test.py -t movie_rating -c film,genre -l 10 -e presto -f csv
usage: td-client-test.py [-h] -d DATABASE -t TABLE [-f [{csv,tabular}]]
                         [-c [COLUMN]] [-l [LIMIT]] [-m [MIN]] [-M [MAX]]
                         [-e [{hive,presto}]]
td-client-test.py: error: argument -d/--database is required

######## test 7
$ python td-client-test.py -d shan_test -t movie_rating -c film,genre -l 10 -e presto -f csv
select film,genre from movie_rating where TD_TIME_RANGE(time, NULL, NULL)
/Library/Python/2.7/site-packages/urllib3/connectionpool.py:858: InsecureRequestWarning: Unverified HTTPS request is being made. Adding certificate verification is strongly advised. See: https://urllib3.readthedocs.io/en/latest/advanced-usage.html#ssl-warnings
  InsecureRequestWarning)
Traceback (most recent call last):
  File "td-client-test.py", line 57, in <module>
    job = client.query(db, qry, type=args.engine)
  File "/Library/Python/2.7/site-packages/tdclient/client.py", line 219, in query
    job_id = self.api.query(q, type=type, db=db_name, result_url=result_url, priority=priority, retry_limit=retry_limit, **kwargs)
  File "/Library/Python/2.7/site-packages/tdclient/job_api.py", line 236, in query
    self.raise_error("Query failed", res, body)
  File "/Library/Python/2.7/site-packages/tdclient/api.py", line 365, in raise_error
    raise errors.NotFoundError("%s: %s" % (msg, s))
tdclient.errors.NotFoundError: Query failed: {"error":"Resource not found","text":"Resource not found","severity":"error"}

######## test 8
$ python td-client-test.py -d shan_test_db -t movie_rating -c film,genre -l 10 -e spark
usage: td-client-test.py [-h] -d DATABASE -t TABLE [-f [{csv,tabular}]]
                         [-c [COLUMN]] [-l [LIMIT]] [-m [MIN]] [-M [MAX]]
                         [-e [{hive,presto}]]
td-client-test.py: error: argument -e/--engine: invalid choice: 'spark' (choose from 'hive', 'presto')


######## test 9
$ python td-client-test.py -d shan_test_db -t movie_rating -c film,genre -l a
usage: td-client-test.py [-h] -d DATABASE -t TABLE [-f [{csv,tabular}]]
                         [-c [COLUMN]] [-l [LIMIT]] [-m [MIN]] [-M [MAX]]
                         [-e [{hive,presto}]]
td-client-test.py: error: argument -l/--limit: invalid int value: 'a'


######## test 10
$ python td-client-test.py -d shan_test_db -t movie_rating -c film,genre,year_of_release -l 10 -m 540966830 -M 1519274070 -f csv
select film,genre,year_of_release from movie_rating where TD_TIME_RANGE(time, 540966830, 1519274070)

film,genre,year_of_release
['(500) Days of Summer', 'Comedy', '2009']
['10,000 B.C.', 'Adventure', '2008']
['12 Rounds', 'Action', '2009']
['127 Hours', 'Adventure', '2010']
['17 Again', 'Comedy', '2009']
['2012', 'Action', '2009']
['27 Dresses', 'Comedy', '2008']
['30 Days of Night', 'Horror', '2007']
['30 Minutes or Less', 'Comedy', '2011']
['50/50', 'Comedy', '2011']
